---
source: crates/figue/tests/integration/simple.rs
expression: "$crate :: common :: strip_ansi(& help.to_string())"
---
/Users/amos/bearcove/figue/target/debug/deps/main-138217976bbdb088

USAGE:
    /Users/amos/bearcove/figue/target/debug/deps/main-138217976bbdb088 [OPTIONS]

OPTIONS:
        --name <STRING>
    -h, --help
            Show help message and exit.
    -V, --version
            Show version and exit.
        --completions <bash,zsh,fish>
            Generate shell completions.
