---
source: crates/figue/tests/integration/simple.rs
expression: help
---
/Users/amos/bearcove/figue/target/debug/deps/main-138217976bbdb088

[1m[33mUSAGE[39m[0m:
    /Users/amos/bearcove/figue/target/debug/deps/main-138217976bbdb088 [OPTIONS]

[1m[33mOPTIONS[39m[0m:
        [32m--name[39m <STRING>
    [32m-h[39m, [32m--help[39m
            Show help message and exit.
    [32m-V[39m, [32m--version[39m
            Show version and exit.
        [32m--completions[39m <bash,zsh,fish>
            Generate shell completions.
