---
source: crates/figue/tests/integration/subcommand_errors.rs
expression: "$crate :: common :: strip_ansi(& err.to_string())"
---
Error: Missing required arguments

You provided:
  init

Missing:
  <name>   # Project name (creates directory with this name)

Example usage:
  init <name>

Run with --help for usage information.
