---
source: crates/figue/tests/integration/subcommand_errors.rs
expression: "$crate :: common :: strip_ansi(& err.to_string())"
---
Error: Error: Missing required arguments

You provided:
  deploy production

Missing:
  --region   # Deployment region (required)

Example usage:
  deploy production --region <value>

Run with --help for usage information.
