---
source: crates/figue/tests/integration/schema_defaults.rs
expression: "$crate :: common :: strip_ansi(& err.to_string())"
---
Error: Missing required arguments

Missing:
  --config.field-required 

Example usage:
  main-138217976bbdb088 --config.field-required <config.field-required>

Run with --help for usage information.
